/Users/mmj/PycharmProjects/FedCIL-Lab/.venv/lib/python3.13/site-packages/torchvision/datasets/cifar.py:83: VisibleDeprecationWarning: dtype(): align should be passed as Python or NumPy boolean but got `align=0`. Did you mean to pass a tuple to create a subarray type? (Deprecated NumPy 2.4)
  entry = pickle.load(f, encoding="latin1")
/Users/mmj/PycharmProjects/FedCIL-Lab/.venv/lib/python3.13/site-packages/torchvision/models/_utils.py:208: UserWarning: The parameter 'pretrained' is deprecated since 0.13 and may be removed in the future, please use 'weights' instead.
  warnings.warn(
/Users/mmj/PycharmProjects/FedCIL-Lab/.venv/lib/python3.13/site-packages/torchvision/models/_utils.py:223: UserWarning: Arguments other than a weight enum or `None` for 'weights' are deprecated since 0.13 and may be removed in the future. The current behavior is equivalent to passing `weights=None`.
  warnings.warn(msg)
Device: mps
Start Federated Local Replay + GDR Baseline...

=== Task 0 ===
[Task 0][Round 0] Loss: 1.2976 Acc: 0.1780
[Task 0][Round 5] Loss: 1.2525 Acc: 0.2890
[Task 0][Round 10] Loss: 1.2772 Acc: 0.2760
[Task 0][Round 15] Loss: 1.0925 Acc: 0.2820
[Task 0][Round 20] Loss: 0.9835 Acc: 0.3010
[Task 0][Round 25] Loss: 0.8964 Acc: 0.3020
[Task 0][Round 29] Loss: 0.8784 Acc: 0.3030
[Task 0] Final Acc: 0.3030

=== Task 1 ===
[Task 1][Round 0] Loss: 1.8131 Acc: 0.1505
[Task 1][Round 5] Loss: 1.3979 Acc: 0.2710
[Task 1][Round 10] Loss: 1.1663 Acc: 0.1830
[Task 1][Round 15] Loss: 1.1819 Acc: 0.3030
[Task 1][Round 20] Loss: 0.9253 Acc: 0.1995
[Task 1][Round 25] Loss: 0.9784 Acc: 0.3180
[Task 1][Round 29] Loss: 0.9074 Acc: 0.2955
[Task 1] Final Acc: 0.2955

=== Task 2 ===
[Task 2][Round 0] Loss: 1.9393 Acc: 0.2017
[Task 2][Round 5] Loss: 1.0503 Acc: 0.2840
[Task 2][Round 10] Loss: 0.8047 Acc: 0.2823
[Task 2][Round 15] Loss: 0.6632 Acc: 0.2633
[Task 2][Round 20] Loss: 0.5635 Acc: 0.3083
[Task 2][Round 25] Loss: 0.4793 Acc: 0.2810
[Task 2][Round 29] Loss: 0.3992 Acc: 0.2873
[Task 2] Final Acc: 0.2873

=== Task 3 ===
[Task 3][Round 0] Loss: 2.0337 Acc: 0.1395
[Task 3][Round 5] Loss: 0.9418 Acc: 0.2462
[Task 3][Round 10] Loss: 0.7817 Acc: 0.2325
[Task 3][Round 15] Loss: 0.7020 Acc: 0.2345
[Task 3][Round 20] Loss: 0.6432 Acc: 0.2432
[Task 3][Round 25] Loss: 0.5903 Acc: 0.2492
[Task 3][Round 29] Loss: 0.5488 Acc: 0.2387
[Task 3] Final Acc: 0.2387

=== Task 4 ===
[Task 4][Round 0] Loss: 2.1072 Acc: 0.1466
[Task 4][Round 5] Loss: 0.8564 Acc: 0.2376
[Task 4][Round 10] Loss: 0.6692 Acc: 0.2406
[Task 4][Round 15] Loss: 0.5864 Acc: 0.2334
[Task 4][Round 20] Loss: 0.5357 Acc: 0.2332
[Task 4][Round 25] Loss: 0.4718 Acc: 0.2310
[Task 4][Round 29] Loss: 0.4049 Acc: 0.2304
[Task 4] Final Acc: 0.2304

=== Task 5 ===
[Task 5][Round 0] Loss: 2.1506 Acc: 0.1463
[Task 5][Round 5] Loss: 0.8508 Acc: 0.1968
[Task 5][Round 10] Loss: 0.7032 Acc: 0.1863
[Task 5][Round 15] Loss: 0.6143 Acc: 0.1912
[Task 5][Round 20] Loss: 0.5594 Acc: 0.1900
[Task 5][Round 25] Loss: 0.4904 Acc: 0.1897
[Task 5][Round 29] Loss: 0.4434 Acc: 0.1905
[Task 5] Final Acc: 0.1905

=== Task 6 ===
[Task 6][Round 0] Loss: 2.7125 Acc: 0.1623
[Task 6][Round 5] Loss: 0.7508 Acc: 0.1909
[Task 6][Round 10] Loss: 0.6034 Acc: 0.1817
[Task 6][Round 15] Loss: 0.5299 Acc: 0.1654
[Task 6][Round 20] Loss: 0.4806 Acc: 0.1661
[Task 6][Round 25] Loss: 0.3896 Acc: 0.1560
[Task 6][Round 29] Loss: 0.3513 Acc: 0.1581
[Task 6] Final Acc: 0.1581

=== Task 7 ===
[Task 7][Round 0] Loss: 2.6318 Acc: 0.1271
[Task 7][Round 5] Loss: 0.7481 Acc: 0.1549
[Task 7][Round 10] Loss: 0.6193 Acc: 0.1519
[Task 7][Round 15] Loss: 0.5165 Acc: 0.1454
[Task 7][Round 20] Loss: 0.4642 Acc: 0.1489
[Task 7][Round 25] Loss: 0.4261 Acc: 0.1445
[Task 7][Round 29] Loss: 0.3991 Acc: 0.1406
[Task 7] Final Acc: 0.1406

=== Task 8 ===
[Task 8][Round 0] Loss: 2.8856 Acc: 0.1066
[Task 8][Round 5] Loss: 0.6951 Acc: 0.1374
[Task 8][Round 10] Loss: 0.5622 Acc: 0.1282
[Task 8][Round 15] Loss: 0.5243 Acc: 0.1240
[Task 8][Round 20] Loss: 0.4421 Acc: 0.1192
[Task 8][Round 25] Loss: 0.4184 Acc: 0.1157
[Task 8][Round 29] Loss: 0.3778 Acc: 0.1214
[Task 8] Final Acc: 0.1214

=== Task 9 ===
[Task 9][Round 0] Loss: 2.4910 Acc: 0.1045
[Task 9][Round 5] Loss: 0.6632 Acc: 0.1342
[Task 9][Round 10] Loss: 0.5044 Acc: 0.1113
[Task 9][Round 15] Loss: 0.4263 Acc: 0.1157
[Task 9][Round 20] Loss: 0.3535 Acc: 0.1121
[Task 9][Round 25] Loss: 0.3324 Acc: 0.1081
[Task 9][Round 29] Loss: 0.2878 Acc: 0.1127
[Task 9] Final Acc: 0.1127
Saved results to: outputs/results/compare_cifar100_beta01_gdr_buf500_seed1.json
