/Users/mmj/PycharmProjects/FedCIL-Lab/.venv/lib/python3.13/site-packages/torchvision/datasets/cifar.py:83: VisibleDeprecationWarning: dtype(): align should be passed as Python or NumPy boolean but got `align=0`. Did you mean to pass a tuple to create a subarray type? (Deprecated NumPy 2.4)
  entry = pickle.load(f, encoding="latin1")
/Users/mmj/PycharmProjects/FedCIL-Lab/.venv/lib/python3.13/site-packages/torchvision/models/_utils.py:208: UserWarning: The parameter 'pretrained' is deprecated since 0.13 and may be removed in the future, please use 'weights' instead.
  warnings.warn(
/Users/mmj/PycharmProjects/FedCIL-Lab/.venv/lib/python3.13/site-packages/torchvision/models/_utils.py:223: UserWarning: Arguments other than a weight enum or `None` for 'weights' are deprecated since 0.13 and may be removed in the future. The current behavior is equivalent to passing `weights=None`.
  warnings.warn(msg)
Device: mps
Start Federated Local Replay Baseline...

=== Task 0 ===
[Task 0][Round 0] Loss: 1.2995 Acc: 0.1080
[Task 0][Round 5] Loss: 1.1746 Acc: 0.2810
[Task 0][Round 10] Loss: 1.0177 Acc: 0.3110
[Task 0][Round 15] Loss: 0.9151 Acc: 0.3030
[Task 0][Round 20] Loss: 1.0938 Acc: 0.2790
[Task 0][Round 25] Loss: 0.9792 Acc: 0.2950
[Task 0][Round 29] Loss: 0.9005 Acc: 0.2890
[Task 0] Final Acc: 0.2890

=== Task 1 ===
[Task 1][Round 0] Loss: 2.0419 Acc: 0.1045
[Task 1][Round 5] Loss: 1.7235 Acc: 0.1740
[Task 1][Round 10] Loss: 1.2793 Acc: 0.1420
[Task 1][Round 15] Loss: 1.4395 Acc: 0.2095
[Task 1][Round 20] Loss: 1.1420 Acc: 0.1495
[Task 1][Round 25] Loss: 1.3563 Acc: 0.2295
[Task 1][Round 29] Loss: 1.3141 Acc: 0.2570
[Task 1] Final Acc: 0.2570

=== Task 2 ===
[Task 2][Round 0] Loss: 2.0674 Acc: 0.1250
[Task 2][Round 5] Loss: 1.2102 Acc: 0.1863
[Task 2][Round 10] Loss: 0.9930 Acc: 0.1793
[Task 2][Round 15] Loss: 1.0102 Acc: 0.1857
[Task 2][Round 20] Loss: 0.7945 Acc: 0.1883
[Task 2][Round 25] Loss: 0.7719 Acc: 0.2123
[Task 2][Round 29] Loss: 0.6720 Acc: 0.2223
[Task 2] Final Acc: 0.2223

=== Task 3 ===
[Task 3][Round 0] Loss: 2.5240 Acc: 0.0690
[Task 3][Round 5] Loss: 1.8070 Acc: 0.1310
[Task 3][Round 10] Loss: 1.6425 Acc: 0.1250
[Task 3][Round 15] Loss: 1.7267 Acc: 0.1288
[Task 3][Round 20] Loss: 1.5350 Acc: 0.1497
[Task 3][Round 25] Loss: 1.5771 Acc: 0.1325
[Task 3][Round 29] Loss: 1.5568 Acc: 0.1328
[Task 3] Final Acc: 0.1328

=== Task 4 ===
[Task 4][Round 0] Loss: 2.6796 Acc: 0.0614
[Task 4][Round 5] Loss: 1.4536 Acc: 0.1714
[Task 4][Round 10] Loss: 1.4089 Acc: 0.1834
[Task 4][Round 15] Loss: 1.3643 Acc: 0.1832
[Task 4][Round 20] Loss: 1.3461 Acc: 0.1716
[Task 4][Round 25] Loss: 1.2771 Acc: 0.1810
[Task 4][Round 29] Loss: 1.2881 Acc: 0.1738
[Task 4] Final Acc: 0.1738

=== Task 5 ===
[Task 5][Round 0] Loss: 3.0072 Acc: 0.0502
[Task 5][Round 5] Loss: 1.4254 Acc: 0.1418
[Task 5][Round 10] Loss: 1.2371 Acc: 0.1392
[Task 5][Round 15] Loss: 1.1309 Acc: 0.1327
[Task 5][Round 20] Loss: 1.0939 Acc: 0.1385
[Task 5][Round 25] Loss: 0.9798 Acc: 0.1313
[Task 5][Round 29] Loss: 0.9688 Acc: 0.1308
[Task 5] Final Acc: 0.1308

=== Task 6 ===
[Task 6][Round 0] Loss: 2.8820 Acc: 0.0876
[Task 6][Round 5] Loss: 1.0089 Acc: 0.1619
[Task 6][Round 10] Loss: 0.7915 Acc: 0.1537
[Task 6][Round 15] Loss: 0.7163 Acc: 0.1490
[Task 6][Round 20] Loss: 0.6611 Acc: 0.1251
[Task 6][Round 25] Loss: 0.6075 Acc: 0.1476
[Task 6][Round 29] Loss: 0.5240 Acc: 0.1399
[Task 6] Final Acc: 0.1399

=== Task 7 ===
[Task 7][Round 0] Loss: 2.8069 Acc: 0.0524
[Task 7][Round 5] Loss: 0.9338 Acc: 0.1444
[Task 7][Round 10] Loss: 0.7994 Acc: 0.1369
[Task 7][Round 15] Loss: 0.7214 Acc: 0.1414
[Task 7][Round 20] Loss: 0.6471 Acc: 0.1354
[Task 7][Round 25] Loss: 0.5744 Acc: 0.1343
[Task 7][Round 29] Loss: 0.5517 Acc: 0.1404
[Task 7] Final Acc: 0.1404

=== Task 8 ===
[Task 8][Round 0] Loss: 2.7817 Acc: 0.0641
[Task 8][Round 5] Loss: 0.8096 Acc: 0.1341
[Task 8][Round 10] Loss: 0.6574 Acc: 0.1121
[Task 8][Round 15] Loss: 0.5692 Acc: 0.1178
[Task 8][Round 20] Loss: 0.5053 Acc: 0.1023
[Task 8][Round 25] Loss: 0.4728 Acc: 0.1096
[Task 8][Round 29] Loss: 0.4254 Acc: 0.1144
[Task 8] Final Acc: 0.1144

=== Task 9 ===
[Task 9][Round 0] Loss: 2.6244 Acc: 0.0500
[Task 9][Round 5] Loss: 0.7501 Acc: 0.1225
[Task 9][Round 10] Loss: 0.5456 Acc: 0.1088
[Task 9][Round 15] Loss: 0.4847 Acc: 0.1182
[Task 9][Round 20] Loss: 0.4204 Acc: 0.1067
[Task 9][Round 25] Loss: 0.3783 Acc: 0.1105
[Task 9][Round 29] Loss: 0.3386 Acc: 0.1079
[Task 9] Final Acc: 0.1079
Saved results to: outputs/results/compare_cifar100_beta01_replay_buf500_seed1.json
